// Jest Snapshot v1, https://goo.gl/fbAQLP

exports[`<LoadingIndicator /> matches the snapshot 1`] = `
<body>
  <div>
    <div
      class="mt-10 flex w-full justify-center undefined"
    >
      <span
        class="MuiCircularProgress-root MuiCircularProgress-indeterminate MuiCircularProgress-colorPrimary css-18lrjg1-MuiCircularProgress-root"
        data-testid="CircularProgress"
        role="progressbar"
        style="width: 60px; height: 60px;"
      >
        <svg
          class="MuiCircularProgress-svg css-1idz92c-MuiCircularProgress-svg"
          viewBox="22 22 44 44"
        >
          <circle
            class="MuiCircularProgress-circle MuiCircularProgress-circleIndeterminate css-176wh8e-MuiCircularProgress-circle"
            cx="44"
            cy="44"
            fill="none"
            r="20.2"
            stroke-width="3.6"
          />
        </svg>
      </span>
    </div>
  </div>
</body>
`;
