// Jest Snapshot v1, https://goo.gl/fbAQLP

exports[`<NewEventButton /> is hidden when canManageLessonPlan is false 1`] = `
<Connect(injectIntl(NewEventButton))>
  <injectIntl(NewEventButton)
    canManageLessonPlan={false}
    dispatch={[Function]}
  >
    <NewEventButton
      canManageLessonPlan={false}
      dispatch={[Function]}
      intl={
        {
          "$t": [Function],
          "defaultFormats": {},
          "defaultLocale": "en",
          "defaultRichTextElements": undefined,
          "fallbackOnEmptyString": true,
          "formatDate": [Function],
          "formatDateTimeRange": [Function],
          "formatDateToParts": [Function],
          "formatDisplayName": [Function],
          "formatList": [Function],
          "formatListToParts": [Function],
          "formatMessage": [Function],
          "formatNumber": [Function],
          "formatNumberToParts": [Function],
          "formatPlural": [Function],
          "formatRelativeTime": [Function],
          "formatTime": [Function],
          "formatTimeToParts": [Function],
          "formats": {},
          "formatters": {
            "getDateTimeFormat": [Function],
            "getDisplayNames": [Function],
            "getListFormat": [Function],
            "getMessageFormat": [Function],
            "getNumberFormat": [Function],
            "getPluralRules": [Function],
            "getRelativeTimeFormat": [Function],
          },
          "locale": "en",
          "messages": {},
          "onError": [Function],
          "onWarn": [Function],
          "textComponent": Symbol(react.fragment),
          "timeZone": "Asia/Singapore",
          "wrapRichTextChunksInFragment": undefined,
        }
      }
    >
      <div />
    </NewEventButton>
  </injectIntl(NewEventButton)>
</Connect(injectIntl(NewEventButton))>
`;
