// Jest Snapshot v1, https://goo.gl/fbAQLP

exports[`<EditButton /> matches the snapshot 1`] = `
<body>
  <div>
    <span
      aria-label="Edit"
      class=""
      data-mui-internal-clone-element="true"
    >
      <button
        class="MuiButtonBase-root MuiIconButton-root MuiIconButton-colorInherit MuiIconButton-sizeMedium css-15u00r0-MuiButtonBase-root-MuiIconButton-root"
        data-testid="EditIconButton"
        tabindex="0"
        type="button"
      >
        <svg
          aria-hidden="true"
          class="MuiSvgIcon-root MuiSvgIcon-fontSizeMedium css-hgpioi-MuiSvgIcon-root"
          data-testid="EditIcon"
          focusable="false"
          viewBox="0 0 24 24"
        >
          <path
            d="M3 17.25V21h3.75L17.81 9.94l-3.75-3.75L3 17.25zM20.71 7.04c.39-.39.39-1.02 0-1.41l-2.34-2.34a.9959.9959 0 0 0-1.41 0l-1.83 1.83 3.75 3.75 1.83-1.83z"
          />
        </svg>
        <span
          class="MuiTouchRipple-root css-8je8zh-MuiTouchRipple-root"
        />
      </button>
    </span>
    <div
      class="Toastify"
    />
  </div>
</body>
`;
