// Jest Snapshot v1, https://goo.gl/fbAQLP

exports[`<DeleteButton /> when the delete button is rendered without confirmation dialog matches the snapshot 1`] = `
<body>
  <div>
    <button
      class="MuiButtonBase-root MuiIconButton-root MuiIconButton-colorError MuiIconButton-sizeMedium css-1jo1f9u-MuiButtonBase-root-MuiIconButton-root"
      data-testid="DeleteIconButton"
      tabindex="0"
      type="button"
    >
      <svg
        aria-hidden="true"
        class="MuiSvgIcon-root MuiSvgIcon-fontSizeMedium css-i4bv87-MuiSvgIcon-root"
        data-testid="DeleteIcon"
        focusable="false"
        viewBox="0 0 24 24"
      >
        <path
          d="M6 19c0 1.1.9 2 2 2h8c1.1 0 2-.9 2-2V7H6v12zM19 4h-3.5l-1-1h-5l-1 1H5v2h14V4z"
        />
      </svg>
      <span
        class="MuiTouchRipple-root css-8je8zh-MuiTouchRipple-root"
      />
    </button>
  </div>
</body>
`;
